// Jest Snapshot v1, https://goo.gl/fbAQLP

exports[`create a command shim for a .exe file 1`] = `
"#!/bin/sh
basedir=$(dirname "$(echo "$0" | sed -e 's,\\\\,/,g')")

case \`uname\` in
    *CYGWIN*|*MINGW*|*MSYS*)
        if command -v cygpath > /dev/null 2>&1; then
            basedir=\`cygpath -w "$basedir"\`
        fi
    ;;
esac

"$basedir/foo"   "$@"
exit $?
"
`;

exports[`create a command shim for a .exe file 2`] = `
"@SETLOCAL
@"%~dp0\\foo"   %*
"
`;

exports[`create a command shim for a .exe file 3`] = `
"#!/usr/bin/env pwsh
$basedir=Split-Path $MyInvocation.MyCommand.Definition -Parent

$exe=""
if ($PSVersionTable.PSVersion -lt "6.0" -or $IsWindows) {
  # Fix case when both the Windows and Linux builds of Node
  # are installed in the same directory
  $exe=".exe"
}
# Support pipeline input
if ($MyInvocation.ExpectingInput) {
  $input | & "$basedir/foo"   $args
} else {
  & "$basedir/foo"   $args
}
exit $LASTEXITCODE
"
`;
